Initialized native services in: /opt/gradle/.gradle/native
Initialized jansi services in: /opt/gradle/.gradle/native
The client will now receive all logging from the daemon (pid: 8244). The daemon log file: /opt/gradle/.gradle/daemon/9.3.1/daemon-8244.out.log
Starting 10th build in daemon [uptime: 19 mins 56.457 secs, performance: 97%, GC rate: 0.00/s, heap usage: 0% of 4 GiB]
Using 4 worker leases.
Operational build model parameters: {requiresToolingModels=false, parallelProjectExecution=true, configureOnDemand=false, configurationCache=true, configurationCacheParallelStore=false, configurationCacheParallelLoad=true, isolatedProjects=false, parallelProjectConfiguration=false, intermediateModelCache=false, parallelToolingApiActions=true, invalidateCoupledProjects=false, modelAsProjectDependency=false, resilientModelBuilding=false}
Encryption key source: default Gradle keystore (pkcs12)
Calculating task graph as configuration cache cannot be reused because directory '.' has changed.
Watching the file system is configured to be enabled if available
Unable to list file systems to check whether they can be watched. Disabling watching. Reason: Could not query file systems: could not open mount file (errno 2: No such file or directory)
File system watching is inactive
Starting Build
Resolved plugin [id: 'org.gradle.toolchains.foojay-resolver-convention', version: '1.0.0']
Settings evaluated using settings file '/app/applet/settings.gradle.kts'.
Using local directory build cache for the root build (location = /opt/gradle/.gradle/caches/build-cache-1, remove unused entries = after 7 days).
Projects loaded. Root project using build file '/app/applet/build.gradle.kts'.
Included projects: [root project 'My Application', project ':app']

> Configure project :
Evaluating root project 'My Application' using build file '/app/applet/build.gradle.kts'.
Resolved plugin [id: 'com.android.application', version: '9.1.1', apply: false]
Resolved plugin [id: 'org.jetbrains.kotlin.plugin.compose', version: '2.2.10', apply: false]
Resolved plugin [id: 'com.google.devtools.ksp', version: '2.3.5', apply: false]
Resolved plugin [id: 'io.github.takahirom.roborazzi', version: '1.59.0', apply: false]
Resolved plugin [id: 'com.google.android.libraries.mapsplatform.secrets-gradle-plugin', version: '2.0.1', apply: false]

> Configure project :app
Evaluating project ':app' using build file '/app/applet/app/build.gradle.kts'.
Resolved plugin [id: 'com.android.application', version: '9.1.1']
Resolved plugin [id: 'org.jetbrains.kotlin.plugin.compose', version: '2.2.10']
Resolved plugin [id: 'com.google.devtools.ksp', version: '2.3.5']
Resolved plugin [id: 'io.github.takahirom.roborazzi', version: '1.59.0']
Resolved plugin [id: 'com.google.android.libraries.mapsplatform.secrets-gradle-plugin', version: '2.0.1']
Build ae33fb39-5c30-4b1e-94c1-885b2eb485d1 is started
Using default execution profile
--- SIGNING CONFIG DEBUG ---
System.getenv("KEYSTORE_PATH") = null
System.getenv("KEYSTORE_PASSWORD") is empty = true
System.getenv("KEY_ALIAS") = null
Resolved storeFileObj path = /app/applet/app/release.keystore
Resolved storeFileObj exists = false
Root project files: [test3.kt, patch_scanner.sh, gradle, app, patch.txt, patch_reading.sh, test.bin, settings.gradle.kts, out1.txt, test2.sh, .github, fix_lib.sh, patch_library_fragment_kt.py, empty.jks, gradle.properties, epub_search.txt, test_auth.kt, build.gradle.kts, TestJKS.java, fix_night_colors2.sh, out3.txt, debug.keystore.base64, .env.example, patch_intent.sh, TestP12.class, metadata.json, fix_colors.sh, patch_library_fragment_xml.py, ResizePng.class, fix_night_colors.sh, fix_scanner_imports.sh, patch_yandex.kt, test.sh, assets, patch_vm.sh, test_db.kt, err.txt, patch_reader.sh, temp_reading.txt, .gitignore, dummy.sh, TestP12.java, TestJKS.class, my-upload-key.jks, fix_scanner.sh, test_sha1.kt, patch_splitter.sh, ResizePng.java, gradlew, temp_reading_tail.txt, fix_constructor.sh, gradlew.bat, patch_manifest_new_books.py, fix_swipe.sh, patch_animator.sh, patch_lib_swipe.sh, log.txt, out2.txt, update_library_fragment.sh, fix_grid.sh, epub_search2.txt, fix_imports.sh, update_reading.sh, patch_bookadapter.sh, .build-outputs, debug.keystore, .gradle, .kotlin, build, GenerateStars.java, GenerateStars.class, test_log.txt]
Fallback debugKeystore path = /app/applet/debug.keystore
Fallback debugKeystore exists = true
--- END SIGNING CONFIG DEBUG ---
Detected Android Gradle Plugin compose compiler configuration
Detected Android Gradle Plugin compose compiler configuration
Detected Android Gradle Plugin compose compiler configuration
All projects evaluated.
Task path ':app:testDebugUnitTest' matched project ':app'
Task name matched 'testDebugUnitTest'
Selected primary task 'testDebugUnitTest' from project :app
Adding -Xuse-inline-scopes-numbers Kotlin compiler flag for task :app:compileDebugKotlin
Tasks to be executed: [task ':app:preBuild', task ':app:preDebugBuild', task ':app:dataBindingMergeDependencyArtifactsDebug', task ':app:generateDebugResources', task ':app:mergeDebugResources', task ':app:packageDebugResources', task ':app:processDebugNavigationResources', task ':app:parseDebugLocalResources', task ':app:dataBindingGenBaseClassesDebug', task ':app:generateDebugBuildConfig', task ':app:generateDebugRFile', task ':app:kspDebugKotlin', task ':app:compileDebugKotlin', task ':app:javaPreCompileDebug', task ':app:compileDebugJavaWithJavac', task ':app:checkDebugAarMetadata', task ':app:mapDebugSourceSetPaths', task ':app:compileDebugNavigationResources', task ':app:createDebugCompatibleScreenManifests', task ':app:extractDeepLinksDebug', task ':app:processDebugMainManifest', task ':app:processDebugManifest', task ':app:processDebugManifestForPackage', task ':app:processDebugResources', task ':app:bundleDebugClassesToRuntimeJar', task ':app:bundleDebugClassesToCompileJar', task ':app:kspDebugUnitTestKotlin', task ':app:preDebugUnitTestBuild', task ':app:compileDebugUnitTestKotlin', task ':app:javaPreCompileDebugUnitTest', task ':app:compileDebugUnitTestJavaWithJavac', task ':app:generateDebugAssets', task ':app:mergeDebugAssets', task ':app:packageDebugUnitTestForUnitTest', task ':app:processDebugUnitTestManifest', task ':app:generateDebugUnitTestConfig', task ':app:processDebugJavaRes', task ':app:processDebugUnitTestJavaRes', task ':app:testDebugUnitTest', task ':app:finalizeTestRoborazziDebug']
Tasks that were excluded: []
Roborazzi: Set output dir file collection to test task
Roborazzi: Set output dir /app/applet/app/build/intermediates/roborazzi to test task
Roborazzi: Set output dir /app/applet/app/build/test-results/roborazzi/debug/results to test task
Roborazzi: Set output file /app/applet/app/build/test-results/roborazzi/debug/results-summary.json to test task
Roborazzi: Set output file /app/applet/app/build/reports/roborazzi/debug/index.html to test task
Build ae33fb39-5c30-4b1e-94c1-885b2eb485d1 is closed
Using local directory build cache for the root build (location = /opt/gradle/.gradle/caches/build-cache-1, remove unused entries = after 7 days).
Ignoring listeners of task graph ready event, as this build (:) has already executed work.
Resolve mutations for :app:preBuild (Thread[#455,Execution worker,5,main]) started.
Resolve mutations for :app:generateDebugAssets (Thread[#456,Execution worker Thread 2,5,main]) started.
:app:preBuild (Thread[#456,Execution worker Thread 2,5,main]) started.
:app:generateDebugAssets (Thread[#454,included builds,5,main]) started.

> Task :app:generateDebugAssets UP-TO-DATE
Skipping task ':app:generateDebugAssets' as it has no actions.

> Task :app:preBuild UP-TO-DATE
Skipping task ':app:preBuild' as it has no actions.
Resolve mutations for :app:preDebugBuild (Thread[#456,Execution worker Thread 2,5,main]) started.
Resolve mutations for :app:preDebugUnitTestBuild (Thread[#454,included builds,5,main]) started.
:app:preDebugBuild (Thread[#456,Execution worker Thread 2,5,main]) started.
:app:preDebugUnitTestBuild (Thread[#457,Execution worker Thread 3,5,main]) started.

> Task :app:preDebugBuild UP-TO-DATE
Skipping task ':app:preDebugBuild' as it has no actions.

> Task :app:preDebugUnitTestBuild UP-TO-DATE
Skipping task ':app:preDebugUnitTestBuild' as it has no actions.
Resolve mutations for :app:javaPreCompileDebugUnitTest (Thread[#457,Execution worker Thread 3,5,main]) started.
Resolve mutations for :app:dataBindingMergeDependencyArtifactsDebug (Thread[#456,Execution worker Thread 2,5,main]) started.
Resolve mutations for :app:generateDebugResources (Thread[#457,Execution worker Thread 3,5,main]) started.
Resolve mutations for :app:processDebugNavigationResources (Thread[#454,included builds,5,main]) started.
:app:dataBindingMergeDependencyArtifactsDebug (Thread[#456,Execution worker Thread 2,5,main]) started.
:app:generateDebugResources (Thread[#457,Execution worker Thread 3,5,main]) started.
Resolve mutations for :app:generateDebugBuildConfig (Thread[#455,Execution worker,5,main]) started.
:app:processDebugNavigationResources (Thread[#454,included builds,5,main]) started.
:app:generateDebugBuildConfig (Thread[#455,Execution worker,5,main]) started.

> Task :app:generateDebugResources UP-TO-DATE
Build cache key for task ':app:generateDebugResources' is 3d00d4ef1856b67c6100ed98f79ac40c
Skipping task ':app:generateDebugResources' as it is up-to-date.
Resolve mutations for :app:mergeDebugResources (Thread[#457,Execution worker Thread 3,5,main]) started.
:app:mergeDebugResources (Thread[#457,Execution worker Thread 3,5,main]) started.

> Task :app:generateDebugBuildConfig FROM-CACHE
Build cache key for task ':app:generateDebugBuildConfig' is e989286bd4e4e2e3df84a8de740c8b97
Task ':app:generateDebugBuildConfig' is not up-to-date because:
  Value of input property 'items' has changed for task ':app:generateDebugBuildConfig'
Loaded cache entry for task ':app:generateDebugBuildConfig' with cache key e989286bd4e4e2e3df84a8de740c8b97
Resolve mutations for :app:packageDebugResources (Thread[#455,Execution worker,5,main]) started.
:app:packageDebugResources (Thread[#455,Execution worker,5,main]) started.

> Task :app:packageDebugResources UP-TO-DATE
Build cache key for task ':app:packageDebugResources' is 44ebc7f29b5a001517afcaaf07334c1b
Skipping task ':app:packageDebugResources' as it is up-to-date.
Resolve mutations for :app:javaPreCompileDebug (Thread[#455,Execution worker,5,main]) started.
:app:javaPreCompileDebug (Thread[#455,Execution worker,5,main]) started.

> Task :app:javaPreCompileDebug UP-TO-DATE
Build cache key for task ':app:javaPreCompileDebug' is ff107d85fb1107104dd67d9ddec387ec
Skipping task ':app:javaPreCompileDebug' as it is up-to-date.
Resolve mutations for :app:checkDebugAarMetadata (Thread[#455,Execution worker,5,main]) started.
:app:checkDebugAarMetadata (Thread[#455,Execution worker,5,main]) started.

> Task :app:checkDebugAarMetadata UP-TO-DATE
Caching disabled for task ':app:checkDebugAarMetadata' because:
  Caching has been disabled for the task
Skipping task ':app:checkDebugAarMetadata' as it is up-to-date.
Resolve mutations for :app:mapDebugSourceSetPaths (Thread[#455,Execution worker,5,main]) started.
:app:mapDebugSourceSetPaths (Thread[#455,Execution worker,5,main]) started.

> Task :app:mergeDebugResources UP-TO-DATE
Build cache key for task ':app:mergeDebugResources' is 2049cc2b2d3201370241f36e5be94ccc
Skipping task ':app:mergeDebugResources' as it is up-to-date.
Resolve mutations for :app:createDebugCompatibleScreenManifests (Thread[#457,Execution worker Thread 3,5,main]) started.
:app:createDebugCompatibleScreenManifests (Thread[#457,Execution worker Thread 3,5,main]) started.

> Task :app:dataBindingMergeDependencyArtifactsDebug UP-TO-DATE
Caching disabled for task ':app:dataBindingMergeDependencyArtifactsDebug' because:
  Caching has been disabled for the task
Skipping task ':app:dataBindingMergeDependencyArtifactsDebug' as it is up-to-date.

> Task :app:mapDebugSourceSetPaths UP-TO-DATE
Caching disabled for task ':app:mapDebugSourceSetPaths' because:
  Caching has been disabled for the task
Skipping task ':app:mapDebugSourceSetPaths' as it is up-to-date.
Resolve mutations for :app:extractDeepLinksDebug (Thread[#456,Execution worker Thread 2,5,main]) started.
:app:javaPreCompileDebugUnitTest (Thread[#455,Execution worker,5,main]) started.
:app:extractDeepLinksDebug (Thread[#456,Execution worker Thread 2,5,main]) started.

> Task :app:createDebugCompatibleScreenManifests UP-TO-DATE
Caching disabled for task ':app:createDebugCompatibleScreenManifests' because:
  Caching has been disabled for the task
Skipping task ':app:createDebugCompatibleScreenManifests' as it is up-to-date.
Resolve mutations for :app:mergeDebugAssets (Thread[#457,Execution worker Thread 3,5,main]) started.

> Task :app:javaPreCompileDebugUnitTest UP-TO-DATE
Build cache key for task ':app:javaPreCompileDebugUnitTest' is 9da436ba6bebbc93122e9047ad645e14
Skipping task ':app:javaPreCompileDebugUnitTest' as it is up-to-date.
:app:mergeDebugAssets (Thread[#457,Execution worker Thread 3,5,main]) started.

> Task :app:extractDeepLinksDebug FROM-CACHE
Build cache key for task ':app:extractDeepLinksDebug' is 654b80c25596310a613b287efdfb6901
Task ':app:extractDeepLinksDebug' is not up-to-date because:
  Value of input property 'manifestPlaceholders' has changed for task ':app:extractDeepLinksDebug'
Loaded cache entry for task ':app:extractDeepLinksDebug' with cache key 654b80c25596310a613b287efdfb6901
Resolve mutations for :app:processDebugMainManifest (Thread[#456,Execution worker Thread 2,5,main]) started.
:app:processDebugMainManifest (Thread[#456,Execution worker Thread 2,5,main]) started.
work action resolve navigation.json (project :app) (Thread[#455,Execution worker,5,main]) started.

> Task :app:mergeDebugAssets UP-TO-DATE
Caching disabled for task ':app:mergeDebugAssets' because:
  Simple merging task
Skipping task ':app:mergeDebugAssets' as it is up-to-date.

> Task :app:processDebugMainManifest FROM-CACHE
Build cache key for task ':app:processDebugMainManifest' is 8b36c09b18efdb63fe71e9024b5dcb17
Task ':app:processDebugMainManifest' is not up-to-date because:
  Value of input property 'manifestPlaceholders' has changed for task ':app:processDebugMainManifest'
Loaded cache entry for task ':app:processDebugMainManifest' with cache key 8b36c09b18efdb63fe71e9024b5dcb17
Resolve mutations for :app:processDebugManifest (Thread[#456,Execution worker Thread 2,5,main]) started.

> Task :app:processDebugNavigationResources FROM-CACHE
Build cache key for task ':app:processDebugNavigationResources' is e0a89ad888d0927ef5ea364b407157cc
Task ':app:processDebugNavigationResources' is not up-to-date because:
  Value of input property 'manifestPlaceholders' has changed for task ':app:processDebugNavigationResources'
Loaded cache entry for task ':app:processDebugNavigationResources' with cache key e0a89ad888d0927ef5ea364b407157cc
Resolve mutations for :app:processDebugUnitTestManifest (Thread[#457,Execution worker Thread 3,5,main]) started.
Resolve mutations for :app:parseDebugLocalResources (Thread[#454,included builds,5,main]) started.
Resolve mutations for :app:compileDebugNavigationResources (Thread[#455,Execution worker,5,main]) started.
:app:processDebugManifest (Thread[#456,Execution worker Thread 2,5,main]) started.
:app:parseDebugLocalResources (Thread[#455,Execution worker,5,main]) started.
:app:compileDebugNavigationResources (Thread[#454,included builds,5,main]) started.
:app:processDebugUnitTestManifest (Thread[#457,Execution worker Thread 3,5,main]) started.

> Task :app:processDebugManifest UP-TO-DATE
Build cache key for task ':app:processDebugManifest' is 3b71ad215f7c154b6d482623102c359d
Skipping task ':app:processDebugManifest' as it is up-to-date.
Resolve mutations for :app:processDebugManifestForPackage (Thread[#456,Execution worker Thread 2,5,main]) started.

> Task :app:parseDebugLocalResources UP-TO-DATE
Build cache key for task ':app:parseDebugLocalResources' is c2060f13e69c5dd01a8b4ae82450aaf3
Skipping task ':app:parseDebugLocalResources' as it is up-to-date.
:app:processDebugManifestForPackage (Thread[#456,Execution worker Thread 2,5,main]) started.
Resolve mutations for :app:dataBindingGenBaseClassesDebug (Thread[#455,Execution worker,5,main]) started.

> Task :app:compileDebugNavigationResources UP-TO-DATE
Build cache key for task ':app:compileDebugNavigationResources' is 87add9860e243ac198fae064a16771f1
Skipping task ':app:compileDebugNavigationResources' as it is up-to-date.
:app:dataBindingGenBaseClassesDebug (Thread[#455,Execution worker,5,main]) started.
Resolve mutations for :app:generateDebugRFile (Thread[#454,included builds,5,main]) started.

> Task :app:processDebugManifestForPackage UP-TO-DATE
Build cache key for task ':app:processDebugManifestForPackage' is b3ff52589e3d4a689d2de49bdd64c8f1
Skipping task ':app:processDebugManifestForPackage' as it is up-to-date.
:app:generateDebugRFile (Thread[#454,included builds,5,main]) started.
Resolve mutations for :app:processDebugResources (Thread[#456,Execution worker Thread 2,5,main]) started.
:app:processDebugResources (Thread[#456,Execution worker Thread 2,5,main]) started.

> Task :app:generateDebugRFile UP-TO-DATE
Build cache key for task ':app:generateDebugRFile' is b1f585533172c03a5952dba1f6a126c0
Skipping task ':app:generateDebugRFile' as it is up-to-date.

> Task :app:processDebugUnitTestManifest UP-TO-DATE
Caching disabled for task ':app:processDebugUnitTestManifest' because:
  Caching has been disabled for the task
Skipping task ':app:processDebugUnitTestManifest' as it is up-to-date.

> Task :app:dataBindingGenBaseClassesDebug UP-TO-DATE
Build cache key for task ':app:dataBindingGenBaseClassesDebug' is 7fbd5724eb338c133ba1a4043aa11d39
Skipping task ':app:dataBindingGenBaseClassesDebug' as it is up-to-date.
Resolve mutations for :app:kspDebugKotlin (Thread[#455,Execution worker,5,main]) started.
:app:kspDebugKotlin (Thread[#455,Execution worker,5,main]) started.

> Task :app:processDebugResources UP-TO-DATE
Build cache key for task ':app:processDebugResources' is 9fe314ddee9b9b1e37447344db902fca
Skipping task ':app:processDebugResources' as it is up-to-date.
Resolve mutations for :app:packageDebugUnitTestForUnitTest (Thread[#456,Execution worker Thread 2,5,main]) started.
:app:packageDebugUnitTestForUnitTest (Thread[#456,Execution worker Thread 2,5,main]) started.

> Task :app:packageDebugUnitTestForUnitTest
Caching disabled for task ':app:packageDebugUnitTestForUnitTest' because:
  Simple merging task
Task ':app:packageDebugUnitTestForUnitTest' is not up-to-date because:
  Input property 'resApk' file /app/applet/app/build/intermediates/linked_resources_binary_format/debug/processDebugResources/linked-resources-binary-format-debug.ap_ has been added.
  Input property 'resApk' file /app/applet/app/build/intermediates/linked_resources_binary_format/debug/processDebugResources/linked-resources-binary-format-debug.ap_ has been removed.
Resolve mutations for :app:generateDebugUnitTestConfig (Thread[#456,Execution worker Thread 2,5,main]) started.
:app:generateDebugUnitTestConfig (Thread[#456,Execution worker Thread 2,5,main]) started.

> Task :app:generateDebugUnitTestConfig
Caching disabled for task ':app:generateDebugUnitTestConfig' because:
  Caching has been disabled for the task
Task ':app:generateDebugUnitTestConfig' is not up-to-date because:
  Input property 'testConfigInputs.resourceApk' file /app/applet/app/build/intermediates/apk_for_local_test/debugUnitTest/packageDebugUnitTestForUnitTest/apk-for-local-test.ap_ has changed.

> Task :app:kspDebugKotlin
Build cache key for task ':app:kspDebugKotlin' is 660043918392a9fb0157475f6f6c1d48
Task ':app:kspDebugKotlin' is not up-to-date because:
  Value of input property 'kspConfig.logLevel' has changed for task ':app:kspDebugKotlin'
The input changes require a full rebuild for incremental task ':app:kspDebugKotlin'.
i: [ksp] loaded provider(s): [androidx.room.RoomKspProcessor$Provider, com.squareup.moshi.kotlin.codegen.ksp.JsonClassSymbolProcessorProvider]

Exception in thread "AWT-EventQueue-0" java.lang.NullPointerException: Cannot invoke "ksp.com.intellij.openapi.application.Application.getService(java.lang.Class)" because the return value of "ksp.com.intellij.openapi.application.ApplicationManager.getApplication()" is null
	at ksp.com.intellij.openapi.fileEditor.FileDocumentManager.getInstance(FileDocumentManager.java:35)
	at ksp.com.intellij.openapi.fileTypes.BinaryFileTypeDecompilers.lambda$notifyDecompilerSetChange$1(BinaryFileTypeDecompilers.java:29)
	at java.desktop/java.awt.event.InvocationEvent.dispatch(InvocationEvent.java:318)
	at java.desktop/java.awt.EventQueue.dispatchEventImpl(EventQueue.java:773)
	at java.desktop/java.awt.EventQueue$4.run(EventQueue.java:720)
	at java.desktop/java.awt.EventQueue$4.run(EventQueue.java:714)
	at java.base/java.security.AccessController.doPrivileged(AccessController.java:400)
	at java.base/java.security.ProtectionDomain$JavaSecurityAccessImpl.doIntersectionPrivilege(ProtectionDomain.java:87)
	at java.desktop/java.awt.EventQueue.dispatchEvent(EventQueue.java:742)
	at java.desktop/java.awt.EventDispatchThread.pumpOneEventForFilters(EventDispatchThread.java:203)
	at java.desktop/java.awt.EventDispatchThread.pumpEventsForFilter(EventDispatchThread.java:124)
	at java.desktop/java.awt.EventDispatchThread.pumpEventsForHierarchy(EventDispatchThread.java:113)
	at java.desktop/java.awt.EventDispatchThread.pumpEvents(EventDispatchThread.java:109)
	at java.desktop/java.awt.EventDispatchThread.pumpEvents(EventDispatchThread.java:101)
	at java.desktop/java.awt.EventDispatchThread.run(EventDispatchThread.java:90)

> Task :app:kspDebugKotlin
Stored cache entry for task ':app:kspDebugKotlin' with cache key 660043918392a9fb0157475f6f6c1d48
Resolve mutations for :app:compileDebugKotlin (Thread[#455,Execution worker,5,main]) started.
:app:compileDebugKotlin (Thread[#455,Execution worker,5,main]) started.

> Task :app:compileDebugKotlin FROM-CACHE
file or directory '/app/applet/app/src/main/kotlin', not found
file or directory '/app/applet/app/src/debug/java', not found
file or directory '/app/applet/app/src/debug/kotlin', not found
file or directory '/app/applet/app/src/debug/java', not found
file or directory '/app/applet/app/src/main/kotlin', not found
file or directory '/app/applet/app/src/debug/java', not found
file or directory '/app/applet/app/src/debug/kotlin', not found
file or directory '/app/applet/app/src/debug/java', not found
file or directory '/app/applet/app/src/main/kotlin', not found
file or directory '/app/applet/app/src/debug/java', not found
file or directory '/app/applet/app/src/debug/kotlin', not found
file or directory '/app/applet/app/src/debug/java', not found
Build cache key for task ':app:compileDebugKotlin' is 110930a512f0104e78246ab3533ef1b2
Task ':app:compileDebugKotlin' is not up-to-date because:
  Input property 'javaSources' file /app/applet/app/build/generated/source/buildConfig/debug/com/nightread/app/BuildConfig.java has changed.
Loaded cache entry for task ':app:compileDebugKotlin' with cache key 110930a512f0104e78246ab3533ef1b2
Resolve mutations for :app:compileDebugJavaWithJavac (Thread[#455,Execution worker,5,main]) started.
Resolve mutations for :app:processDebugJavaRes (Thread[#456,Execution worker Thread 2,5,main]) started.
:app:processDebugJavaRes (Thread[#456,Execution worker Thread 2,5,main]) started.
:app:compileDebugJavaWithJavac (Thread[#455,Execution worker,5,main]) started.

> Task :app:processDebugJavaRes UP-TO-DATE
file or directory '/app/applet/app/src/main/resources', not found
file or directory '/app/applet/app/src/debug/resources', not found
Caching disabled for task ':app:processDebugJavaRes' because:
  Caching has been disabled for the task
Skipping task ':app:processDebugJavaRes' as it is up-to-date.
work action resolve out (project :app) (Thread[#456,Execution worker Thread 2,5,main]) started.

> Task :app:compileDebugJavaWithJavac FROM-CACHE
Build cache key for task ':app:compileDebugJavaWithJavac' is cd0c6877d21979811ab0eb2e7fd52627
Task ':app:compileDebugJavaWithJavac' is not up-to-date because:
  Input property 'stableSources' file /app/applet/app/build/generated/source/buildConfig/debug/com/nightread/app/BuildConfig.java has changed.
Loaded cache entry for task ':app:compileDebugJavaWithJavac' with cache key cd0c6877d21979811ab0eb2e7fd52627
No compile result for :app:compileDebugJavaWithJavac
Resolve mutations for :app:bundleDebugClassesToRuntimeJar (Thread[#456,Execution worker Thread 2,5,main]) started.
Resolve mutations for :app:bundleDebugClassesToCompileJar (Thread[#455,Execution worker,5,main]) started.
:app:bundleDebugClassesToCompileJar (Thread[#455,Execution worker,5,main]) started.
:app:bundleDebugClassesToRuntimeJar (Thread[#456,Execution worker Thread 2,5,main]) started.

> Task :app:bundleDebugClassesToCompileJar UP-TO-DATE
Caching disabled for task ':app:bundleDebugClassesToCompileJar' because:
  Caching has been disabled for the task
Skipping task ':app:bundleDebugClassesToCompileJar' as it is up-to-date.
work action resolve classes.jar (project :app) (Thread[#455,Execution worker,5,main]) started.
Resolve mutations for :app:kspDebugUnitTestKotlin (Thread[#455,Execution worker,5,main]) started.

> Task :app:bundleDebugClassesToRuntimeJar UP-TO-DATE
Caching disabled for task ':app:bundleDebugClassesToRuntimeJar' because:
  Caching has been disabled for the task
Skipping task ':app:bundleDebugClassesToRuntimeJar' as it is up-to-date.
work action resolve classes.jar (project :app) (Thread[#456,Execution worker Thread 2,5,main]) started.
:app:kspDebugUnitTestKotlin (Thread[#455,Execution worker,5,main]) started.

> Task :app:kspDebugUnitTestKotlin
Build cache key for task ':app:kspDebugUnitTestKotlin' is 5858ed794b2d0ee3b521d1386d4dfd89
Task ':app:kspDebugUnitTestKotlin' is not up-to-date because:
  Value of input property 'kspConfig.logLevel' has changed for task ':app:kspDebugUnitTestKotlin'
The input changes require a full rebuild for incremental task ':app:kspDebugUnitTestKotlin'.
i: [ksp] loaded provider(s): [androidx.room.RoomKspProcessor$Provider, com.squareup.moshi.kotlin.codegen.ksp.JsonClassSymbolProcessorProvider]
Stored cache entry for task ':app:kspDebugUnitTestKotlin' with cache key 5858ed794b2d0ee3b521d1386d4dfd89
Resolve mutations for :app:compileDebugUnitTestKotlin (Thread[#455,Execution worker,5,main]) started.
:app:compileDebugUnitTestKotlin (Thread[#455,Execution worker,5,main]) started.

> Task :app:compileDebugUnitTestKotlin UP-TO-DATE
file or directory '/app/applet/app/src/test/kotlin', not found
file or directory '/app/applet/app/src/testDebug/java', not found
file or directory '/app/applet/app/src/testDebug/kotlin', not found
file or directory '/app/applet/app/src/testDebug/java', not found
file or directory '/app/applet/app/src/test/kotlin', not found
file or directory '/app/applet/app/src/testDebug/java', not found
file or directory '/app/applet/app/src/testDebug/kotlin', not found
file or directory '/app/applet/app/src/testDebug/java', not found
file or directory '/app/applet/app/src/test/kotlin', not found
file or directory '/app/applet/app/src/testDebug/java', not found
file or directory '/app/applet/app/src/testDebug/kotlin', not found
file or directory '/app/applet/app/src/testDebug/java', not found
Build cache key for task ':app:compileDebugUnitTestKotlin' is 1e89dce88a6c351552d7701624d87ef0
Skipping task ':app:compileDebugUnitTestKotlin' as it is up-to-date.
Resolve mutations for :app:compileDebugUnitTestJavaWithJavac (Thread[#456,Execution worker Thread 2,5,main]) started.
Resolve mutations for :app:processDebugUnitTestJavaRes (Thread[#455,Execution worker,5,main]) started.
:app:processDebugUnitTestJavaRes (Thread[#455,Execution worker,5,main]) started.
:app:compileDebugUnitTestJavaWithJavac (Thread[#456,Execution worker Thread 2,5,main]) started.

> Task :app:processDebugUnitTestJavaRes UP-TO-DATE
file or directory '/app/applet/app/src/test/resources', not found
file or directory '/app/applet/app/src/testDebug/resources', not found
Caching disabled for task ':app:processDebugUnitTestJavaRes' because:
  Caching has been disabled for the task
Skipping task ':app:processDebugUnitTestJavaRes' as it is up-to-date.

> Task :app:compileDebugUnitTestJavaWithJavac NO-SOURCE
Skipping task ':app:compileDebugUnitTestJavaWithJavac' as it has no source files and no previous output files.
Resolve mutations for :app:testDebugUnitTest (Thread[#456,Execution worker Thread 2,5,main]) started.
:app:testDebugUnitTest (Thread[#456,Execution worker Thread 2,5,main]) started.
Gradle Test Executor 2 started executing tests.

> Task :app:testDebugUnitTest
Build cache key for task ':app:testDebugUnitTest' is b8c6b5926f5096133288b73bc522bd45
Task ':app:testDebugUnitTest' is not up-to-date because:
  Input property 'testConfigInputs.resourceApk' file /app/applet/app/build/intermediates/apk_for_local_test/debugUnitTest/packageDebugUnitTestForUnitTest/apk-for-local-test.ap_ has changed.
file or directory '/app/applet/app/build/generated/ksp/debugUnitTest/resources', not found
file or directory '/app/applet/app/build/generated/ksp/debugUnitTest/classes', not found
file or directory '/app/applet/app/build/intermediates/javac/debugUnitTest/compileDebugUnitTestJavaWithJavac/classes', not found
Starting process 'Gradle Test Executor 2'. Working directory: /app/applet/app Command: /usr/lib/jvm/temurin-21-jdk-amd64/bin/java -Djava.awt.headless=true -Djava.library.path=/usr/java/packages/lib:/usr/lib64:/lib64:/lib:/usr/lib:/app/applet/app/src/testDebug/jniLibs:/app/applet/app/src/test/jniLibs -Dorg.gradle.internal.worker.tmpdir=/app/applet/app/build/tmp/testDebugUnitTest/work --add-opens=java.base/java.io=ALL-UNNAMED @/opt/gradle/.gradle/.tmp/gradle-worker-classpath6096297170165516013txt -Xmx512m -Dfile.encoding=UTF-8 -Duser.country=US -Duser.language=en -Duser.variant -ea worker.org.gradle.process.internal.worker.GradleWorkerMain 'Gradle Test Executor 2'
Successfully started process 'Gradle Test Executor 2'

Gradle Test Executor 2 finished executing tests.

> Task :app:testDebugUnitTest
Generating HTML test report...
Finished generating test html results (0.008 secs) into: /app/applet/app/build/reports/tests/testDebugUnitTest
Finished generating test XML results (0.035 secs) into: /app/applet/app/build/test-results/testDebugUnitTest
Stored cache entry for task ':app:testDebugUnitTest' with cache key b8c6b5926f5096133288b73bc522bd45
Resolve mutations for :app:finalizeTestRoborazziDebug (Thread[#456,Execution worker Thread 2,5,main]) started.
:app:finalizeTestRoborazziDebug (Thread[#456,Execution worker Thread 2,5,main]) started.

> Task :app:finalizeTestRoborazziDebug SKIPPED
Roborazzi: roborazziTestFinalizer.onlyIf doesRoborazziRun false
Skipping task ':app:finalizeTestRoborazziDebug' as task onlyIf 'Task satisfies onlyIf spec' is false.
Build 5c284909-8506-4551-8edb-f6dff5304e5b is started
Build 5c284909-8506-4551-8edb-f6dff5304e5b is closed

See the complete report at file:///app/applet/build/reports/configuration-cache/41bl0geawous6ii2qj0zcd21w/6w4ev77x6aazzlb6su1csmpls/configuration-cache-report.html

BUILD SUCCESSFUL in 41s
34 actionable tasks: 5 executed, 6 from cache, 23 up-to-date
Configuration cache entry stored.
Configuration Cache (/app/applet/.gradle/configuration-cache) [subdir: /app/applet/.gradle/configuration-cache/d2ebdccc-cf82-452c-b447-b58eb6b07ad5] cleanup deleted 8 files/directories.
